// Jest Snapshot v1, https://goo.gl/fbAQLP

exports[`App component Matches the snapshot 1`] = `
<div>
  <header>
    headers
    <i
      className="i-search"
    />
  </header>
  <h1>
    Hello 
    Jullian
  </h1>
</div>
`;
